// Jest Snapshot v1, https://goo.gl/fbAQLP

exports[`Component: Header should render Header component 1`] = `[Function]`;
