// Jest Snapshot v1, https://goo.gl/fbAQLP

exports[`Component: Layout should render Layout component 1`] = `[Function]`;
